BL51 BANKED LINKER/LOCATER V6.22                                                        01/25/2019  13:44:28  PAGE 1


BL51 BANKED LINKER/LOCATER V6.22, INVOKED BY:
C:\KEIL\C51\BIN\BL51.EXE .\Objects\USART.obj, .\Objects\IO_FUNC.obj, .\Objects\TIM.obj, .\Objects\main.obj, .\Objects\In
>> terrupt.obj TO .\Objects\TEST PRINT (.\Listings\TEST.m51) RAMSIZE (256)


MEMORY MODEL: SMALL


INPUT MODULES INCLUDED:
  .\Objects\USART.obj (USART)
  .\Objects\IO_FUNC.obj (IO_FUNC)
  .\Objects\TIM.obj (TIM)
  .\Objects\main.obj (MAIN)
  .\Objects\Interrupt.obj (INTERRUPT)
  C:\KEIL\C51\LIB\C51S.LIB (?C_STARTUP)
  C:\KEIL\C51\LIB\C51S.LIB (?C?COPY)
  C:\KEIL\C51\LIB\C51S.LIB (?C?IMUL)
  C:\KEIL\C51\LIB\C51S.LIB (?C?SLDIV)
  C:\KEIL\C51\LIB\C51S.LIB (?C?SLSHR)
  C:\KEIL\C51\LIB\C51S.LIB (?C?MEMSET)
  C:\KEIL\C51\LIB\C51S.LIB (?C_INIT)
  C:\KEIL\C51\LIB\C51S.LIB (?C?ULDIV)


LINK MAP OF MODULE:  .\Objects\TEST (USART)


            TYPE    BASE      LENGTH    RELOCATION   SEGMENT NAME
            -----------------------------------------------------

            * * * * * * *   D A T A   M E M O R Y   * * * * * * *
            REG     0000H     0008H     ABSOLUTE     "REG BANK 0"
            DATA    0008H     000AH     UNIT         ?DT?MAIN
            DATA    0012H     0002H     UNIT         ?DT?_SLAVERUSART_INIT?USART
                    0014H     000CH                  *** GAP ***
            BIT     0020H.0   0000H.2   UNIT         ?BI?INTERRUPT
            BIT     0020H.2   0000H.1   UNIT         ?BI?MAIN
                    0020H.3   0000H.5                *** GAP ***
            DATA    0021H     001CH     UNIT         _DATA_GROUP_
            IDATA   003DH     0001H     UNIT         ?STACK

            * * * * * * *   C O D E   M E M O R Y   * * * * * * *
            CODE    0000H     0003H     ABSOLUTE     
            CODE    0003H     0017H     UNIT         ?PR?UART3?INTERRUPT
            CODE    001AH     0009H     UNIT         ?PR?_MASTERUSART_SENDBYTE?USART
            CODE    0023H     0003H     ABSOLUTE     
            CODE    0026H     0058H     UNIT         ?PR?T3INT?INTERRUPT
            CODE    007EH     0009H     UNIT         ?PR?_SLAVERUSART_SENDBYTE?USART
                    0087H     0004H                  *** GAP ***
            CODE    008BH     0003H     ABSOLUTE     
            CODE    008EH     0009H     UNIT         ?C_INITSEG
                    0097H     0004H                  *** GAP ***
            CODE    009BH     0003H     ABSOLUTE     
            CODE    009EH     0502H     UNIT         ?PR?MAIN?MAIN
            CODE    05A0H     0216H     UNIT         ?C?LIB_CODE
            CODE    07B6H     0093H     UNIT         ?PR?UART?INTERRUPT
            CODE    0849H     008CH     UNIT         ?C_C51STARTUP
            CODE    08D5H     0055H     UNIT         ?PR?_SLAVERUSART_INIT?USART
BL51 BANKED LINKER/LOCATER V6.22                                                      01/25/2019  13:44:28  PAGE 2


            CODE    092AH     0044H     UNIT         ?C?LDIV
            CODE    096EH     002AH     UNIT         ?PR?IO_INIT?IO_FUNC
            CODE    0998H     0023H     UNIT         ?PR?_MASTERUSART_INIT?USART
            CODE    09BBH     0011H     UNIT         ?PR?_TIMCNT_INIT?TIM
            CODE    09CCH     0010H     UNIT         ?PR?MASTERUSART_SENDBUF?USART



OVERLAY MAP OF MODULE:   .\Objects\TEST (USART)


SEGMENT                                   DATA_GROUP 
  +--> CALLED SEGMENT                   START    LENGTH
-------------------------------------------------------
?PR?T3INT?INTERRUPT                     -----    -----
  +--> ?PR?_MASTERUSART_SENDBYTE?USART

*** NEW ROOT ***************************************************

?C_C51STARTUP                           -----    -----
  +--> ?PR?MAIN?MAIN
  +--> ?C_INITSEG

?PR?MAIN?MAIN                           0021H    0010H
  +--> ?PR?IO_INIT?IO_FUNC
  +--> ?PR?_MASTERUSART_INIT?USART
  +--> ?PR?_TIMCNT_INIT?TIM
  +--> ?PR?_MASTERUSART_SENDBYTE?USART
  +--> ?PR?MASTERUSART_SENDBUF?USART

?PR?_MASTERUSART_INIT?USART             0031H    0002H

?PR?MASTERUSART_SENDBUF?USART           0031H    000CH
  +--> ?PR?_MASTERUSART_SENDBYTE?USART



SYMBOL TABLE OF MODULE:  .\Objects\TEST (USART)

  VALUE           TYPE          NAME
  ----------------------------------

  -------         MODULE        USART
  C:0000H         SYMBOL        _ICE_DUMMY_
  D:0080H         PUBLIC        P0
  D:0090H         PUBLIC        P1
  D:00A0H         PUBLIC        P2
  D:00B0H         PUBLIC        P3
  D:00C0H         PUBLIC        P4
  D:00C8H         PUBLIC        P5
  B:00A8H.7       PUBLIC        EA
  D:00E8H         PUBLIC        P6
  C:001AH         PUBLIC        _MasterUsart_SendByte
  D:00F8H         PUBLIC        P7
  C:007EH         PUBLIC        _SlaverUsart_SendByte
  D:00A2H         PUBLIC        P_SW1
  D:00BAH         PUBLIC        P_SW2
BL51 BANKED LINKER/LOCATER V6.22                                                      01/25/2019  13:44:28  PAGE 3


  D:00A8H         PUBLIC        IE
  C:09CCH         PUBLIC        MasterUsart_SendBuf
  B:00A8H.4       PUBLIC        ES
  D:00B8H         PUBLIC        IP
  D:00D8H         PUBLIC        CCON
  D:0099H         PUBLIC        SBUF
  D:0098H         PUBLIC        SCON
  D:0089H         PUBLIC        TMOD
  D:0088H         PUBLIC        TCON
  D:00AFH         PUBLIC        IE2
  D:008EH         PUBLIC        AUXR
  D:00E0H         PUBLIC        ACC
  B:00A8H.3       PUBLIC        ET1
  D:008DH         PUBLIC        TH1
  D:00D6H         PUBLIC        T2H
  B:00D0H.0       PUBLIC        P
  D:008BH         PUBLIC        TL1
  D:00D7H         PUBLIC        T2L
  B:0088H.6       PUBLIC        TR1
  D:00ADH         PUBLIC        S3BUF
  D:00ACH         PUBLIC        S3CON
  C:0998H         PUBLIC        _MasterUsart_Init
  C:08D5H         PUBLIC        _SlaverUsart_Init
  D:00D0H         PUBLIC        PSW
  -------         PROC          _MASTERUSART_INIT
  D:0031H         SYMBOL        bps
  C:0998H         LINE#         16
  C:099CH         LINE#         17
  C:099CH         LINE#         18
  C:099EH         LINE#         19
  C:09A0H         LINE#         20
  C:09A2H         LINE#         22
  C:09A5H         LINE#         23
  C:09A8H         LINE#         24
  C:09ABH         LINE#         25
  C:09AEH         LINE#         26
  C:09B1H         LINE#         27
  C:09B4H         LINE#         28
  C:09B6H         LINE#         29
  C:09B8H         LINE#         30
  C:09BAH         LINE#         31
  -------         ENDPROC       _MASTERUSART_INIT
  -------         PROC          _MASTERUSART_SENDBYTE
  D:0007H         SYMBOL        byte
  C:001AH         LINE#         45
  C:001AH         LINE#         46
  C:001AH         LINE#         47
  C:001DH         LINE#         48
  C:001EH         LINE#         49
  C:001EH         LINE#         50
  C:001EH         LINE#         56
  C:001EH         LINE#         58
  C:001EH         LINE#         64
  C:001EH         LINE#         65
  C:0020H         LINE#         66
  C:0022H         LINE#         67
  -------         ENDPROC       _MASTERUSART_SENDBYTE
BL51 BANKED LINKER/LOCATER V6.22                                                      01/25/2019  13:44:28  PAGE 4


  -------         PROC          MASTERUSART_SENDBUF
  D:0031H         SYMBOL        rtn_para
  D:0039H         SYMBOL        det
  C:09CCH         LINE#         81
  C:09CCH         LINE#         82
  C:09CCH         LINE#         83
  C:09D1H         LINE#         84
  C:09D4H         LINE#         88
  C:09D9H         LINE#         89
  -------         ENDPROC       MASTERUSART_SENDBUF
  -------         PROC          _SLAVERUSART_INIT
  D:0012H         SYMBOL        bps
  C:08D5H         LINE#         104
  C:08D9H         LINE#         105
  C:08D9H         LINE#         107
  C:08DCH         LINE#         111
  C:08DFH         LINE#         118
  C:08F8H         LINE#         119
  C:0921H         LINE#         120
  C:0924H         LINE#         121
  C:0927H         LINE#         122
  C:0929H         LINE#         124
  -------         ENDPROC       _SLAVERUSART_INIT
  -------         PROC          _SLAVERUSART_SENDBYTE
  D:0007H         SYMBOL        byte
  C:007EH         LINE#         138
  C:007EH         LINE#         139
  C:007EH         LINE#         140
  C:0081H         LINE#         141
  C:0082H         LINE#         142
  C:0082H         LINE#         143
  C:0082H         LINE#         149
  C:0082H         LINE#         151
  C:0082H         LINE#         157
  C:0082H         LINE#         158
  C:0084H         LINE#         159
  C:0086H         LINE#         160
  -------         ENDPROC       _SLAVERUSART_SENDBYTE
  -------         ENDMOD        USART

  -------         MODULE        IO_FUNC
  C:0000H         SYMBOL        _ICE_DUMMY_
  D:0092H         PUBLIC        P1M0
  D:0093H         PUBLIC        P0M1
  D:0096H         PUBLIC        P2M0
  D:0091H         PUBLIC        P1M1
  D:0080H         PUBLIC        P0
  D:00B2H         PUBLIC        P3M0
  D:0095H         PUBLIC        P2M1
  D:0090H         PUBLIC        P1
  D:00B4H         PUBLIC        P4M0
  D:00B1H         PUBLIC        P3M1
  D:00A0H         PUBLIC        P2
  D:00CAH         PUBLIC        P5M0
  D:00B3H         PUBLIC        P4M1
  D:00B0H         PUBLIC        P3
  D:00CCH         PUBLIC        P6M0
BL51 BANKED LINKER/LOCATER V6.22                                                      01/25/2019  13:44:28  PAGE 5


  D:00C9H         PUBLIC        P5M1
  D:00C0H         PUBLIC        P4
  D:00E2H         PUBLIC        P7M0
  D:00CBH         PUBLIC        P6M1
  D:00C8H         PUBLIC        P5
  D:00E1H         PUBLIC        P7M1
  D:00E8H         PUBLIC        P6
  D:00F8H         PUBLIC        P7
  D:00A8H         PUBLIC        IE
  D:00B8H         PUBLIC        IP
  D:00D8H         PUBLIC        CCON
  C:096EH         PUBLIC        IO_init
  D:0098H         PUBLIC        SCON
  D:0088H         PUBLIC        TCON
  D:00D0H         PUBLIC        PSW
  D:0094H         PUBLIC        P0M0
  -------         PROC          IO_INIT
  C:096EH         LINE#         15
  C:096EH         LINE#         16
  C:096EH         LINE#         17
  C:0971H         LINE#         18
  C:0974H         LINE#         19
  C:0977H         LINE#         20
  C:0979H         LINE#         21
  C:097CH         LINE#         22
  C:097EH         LINE#         23
  C:0981H         LINE#         24
  C:0983H         LINE#         25
  C:0986H         LINE#         26
  C:0988H         LINE#         27
  C:098BH         LINE#         28
  C:098DH         LINE#         29
  C:0990H         LINE#         30
  C:0992H         LINE#         31
  C:0995H         LINE#         32
  C:0997H         LINE#         33
  -------         ENDPROC       IO_INIT
  -------         ENDMOD        IO_FUNC

  -------         MODULE        TIM
  C:0000H         SYMBOL        _ICE_DUMMY_
  D:0080H         PUBLIC        P0
  D:0090H         PUBLIC        P1
  D:00A0H         PUBLIC        P2
  D:00B0H         PUBLIC        P3
  D:00C0H         PUBLIC        P4
  D:00C8H         PUBLIC        P5
  D:00E8H         PUBLIC        P6
  D:00F8H         PUBLIC        P7
  D:00A8H         PUBLIC        IE
  D:00B8H         PUBLIC        IP
  D:00D8H         PUBLIC        CCON
  D:0098H         PUBLIC        SCON
  D:0088H         PUBLIC        TCON
  C:09BBH         PUBLIC        _TimCnt_Init
  D:00D4H         PUBLIC        T3H
  D:00D5H         PUBLIC        T3L
BL51 BANKED LINKER/LOCATER V6.22                                                      01/25/2019  13:44:28  PAGE 6


  D:00D1H         PUBLIC        T4T3M
  D:00D0H         PUBLIC        PSW
  -------         PROC          _TIMCNT_INIT
  D:0006H         SYMBOL        cnt
  -------         DO            
  D:0006H         SYMBOL        cnt_buf
  -------         ENDDO         
  C:09BBH         LINE#         16
  C:09BBH         LINE#         17
  C:09BBH         LINE#         18
  C:09C1H         LINE#         20
  C:09C4H         LINE#         22
  C:09C6H         LINE#         23
  C:09C8H         LINE#         26
  C:09CBH         LINE#         30
  -------         ENDPROC       _TIMCNT_INIT
  -------         ENDMOD        TIM

  -------         MODULE        MAIN
  C:0000H         SYMBOL        _ICE_DUMMY_
  D:0080H         PUBLIC        P0
  D:0008H         PUBLIC        Rec_Buff
  B:00A0H.3       PUBLIC        STY
  D:0090H         PUBLIC        P1
  D:00A0H         PUBLIC        P2
  D:00B0H         PUBLIC        P3
  D:00C0H         PUBLIC        P4
  B:0080H.2       PUBLIC        S2N1
  D:00C8H         PUBLIC        P5
  B:0090H.7       PUBLIC        S2N2
  B:00A8H.7       PUBLIC        EA
  D:00E8H         PUBLIC        P6
  D:00F8H         PUBLIC        P7
  D:00A8H         PUBLIC        IE
  B:00C0H.6       PUBLIC        S2Y1
  B:00C8H.4       PUBLIC        S2Y2
  B:00C0H.2       PUBLIC        S4_1
  B:00C0H.3       PUBLIC        S4_2
  D:00B8H         PUBLIC        IP
  B:00C0H.4       PUBLIC        S4_3
  D:0010H         PUBLIC        Rec_Len
  D:00D8H         PUBLIC        CCON
  C:009EH         PUBLIC        main
  B:00F8H.6       PUBLIC        ST
  B:0080H.5       PUBLIC        A1_1dB
  B:00F8H.3       PUBLIC        SSS0
  B:0090H.0       PUBLIC        A2_1dB
  B:0080H.6       PUBLIC        A1_2dB
  B:00F8H.2       PUBLIC        SSS1
  B:0090H.1       PUBLIC        A2_2dB
  B:0080H.7       PUBLIC        A1_4dB
  B:00C0H.7       PUBLIC        A2_4dB
  B:00A0H.6       PUBLIC        A3_5dB
  B:00B0H.2       PUBLIC        A4_5dB
  B:00E8H.0       PUBLIC        A1_8dB
  B:0090H.4       PUBLIC        A2_8dB
  D:0098H         PUBLIC        SCON
BL51 BANKED LINKER/LOCATER V6.22                                                      01/25/2019  13:44:28  PAGE 7


  D:0088H         PUBLIC        TCON
  B:00C8H.3       PUBLIC        A1_0_5dB
  B:00E8H.3       PUBLIC        A2_0_5dB
  B:00C0H.0       PUBLIC        CS0
  B:00E8H.4       PUBLIC        CS1
  B:00C0H.5       PUBLIC        S1N
  B:00A0H.4       PUBLIC        S3N
  B:00C8H.2       PUBLIC        PDA
  B:0080H.3       PUBLIC        PDB
  B:00C8H.5       PUBLIC        PDC
  B:0080H.4       PUBLIC        PDD
  D:00C1H         PUBLIC        WDT_CONTR
  B:00A0H.7       PUBLIC        A3_10dB
  B:00E8H.7       PUBLIC        A4_10dB
  B:00F8H.7       PUBLIC        S1Y
  B:00E8H.2       PUBLIC        A1_15dB
  B:00A0H.5       PUBLIC        S3Y
  D:0011H         PUBLIC        Rec_Finish
  B:0090H.6       PUBLIC        A2_15dB
  B:00E8H.1       PUBLIC        A1_16dB
  B:00F8H.4       PUBLIC        A3_15dB
  B:0090H.5       PUBLIC        A2_16dB
  B:00E8H.6       PUBLIC        A4_15dB
  B:00F8H.5       PUBLIC        PSA
  B:0020H.2       PUBLIC        POW_ON
  D:00D0H         PUBLIC        PSW
  -------         PROC          MAIN
  -------         DO            
  D:0021H         SYMBOL        cur_syspara
  D:0029H         SYMBOL        old_syspara
  -------         ENDDO         
  C:009EH         LINE#         8
  C:009EH         LINE#         9
  C:009EH         LINE#         11
  C:00ADH         LINE#         12
  C:00BCH         LINE#         13
  C:00CBH         LINE#         14
  C:00CEH         LINE#         15
  C:00D5H         LINE#         17
  C:00DCH         LINE#         18
  C:00DFH         LINE#         23
  C:00E2H         LINE#         24
  C:00E5H         LINE#         26
  C:00E7H         LINE#         27
  C:00E9H         LINE#         28
  C:00EBH         LINE#         29
  C:00EDH         LINE#         30
  C:00EFH         LINE#         32
  C:00EFH         LINE#         33
  C:00EFH         LINE#         36
  C:00F8H         LINE#         37
  C:00F8H         LINE#         38
  C:00FDH         LINE#         39
  C:0115H         LINE#         41
  C:0115H         LINE#         42
  C:011FH         LINE#         43
  C:0127H         LINE#         44
BL51 BANKED LINKER/LOCATER V6.22                                                      01/25/2019  13:44:28  PAGE 8


  C:012EH         LINE#         45
  C:0134H         LINE#         46
  C:013CH         LINE#         47
  C:0146H         LINE#         48
  C:014CH         LINE#         49
  C:014CH         LINE#         51
  C:0154H         LINE#         52
  C:0154H         LINE#         53
  C:0160H         LINE#         54
  C:0164H         LINE#         56
  C:0167H         LINE#         57
  C:0167H         LINE#         58
  C:016FH         LINE#         59
  C:016FH         LINE#         60
  C:017EH         LINE#         61
  C:018DH         LINE#         62
  C:0190H         LINE#         63
  C:0190H         LINE#         64
  C:0198H         LINE#         65
  C:0198H         LINE#         66
  C:01A5H         LINE#         67
  C:01A8H         LINE#         68
  C:01A8H         LINE#         69
  C:01B0H         LINE#         70
  C:01B0H         LINE#         71
  C:01BFH         LINE#         72
  C:01CEH         LINE#         75
  C:01D1H         LINE#         76
  C:01D1H         LINE#         77
  C:01DCH         LINE#         78
  C:01DCH         LINE#         79
  C:01E8H         LINE#         80
  C:01E8H         LINE#         81
  C:01EAH         LINE#         82
  C:01ECH         LINE#         83
  C:01EEH         LINE#         84
  C:01F0H         LINE#         85
  C:01F2H         LINE#         86
  C:01F4H         LINE#         87
  C:01F6H         LINE#         88
  C:01F8H         LINE#         89
  C:01FAH         LINE#         90
  C:01FCH         LINE#         91
  C:01FEH         LINE#         92
  C:01FEH         LINE#         93
  C:01FEH         LINE#         94
  C:01FEH         LINE#         95
  C:0200H         LINE#         96
  C:0206H         LINE#         97
  C:0206H         LINE#         98
  C:0208H         LINE#         99
  C:020AH         LINE#         100
  C:020CH         LINE#         101
  C:020EH         LINE#         102
  C:0210H         LINE#         103
  C:0212H         LINE#         104
  C:0214H         LINE#         105
BL51 BANKED LINKER/LOCATER V6.22                                                      01/25/2019  13:44:28  PAGE 9


  C:0216H         LINE#         106
  C:0218H         LINE#         107
  C:021AH         LINE#         108
  C:021CH         LINE#         109
  C:021EH         LINE#         110
  C:021EH         LINE#         111
  C:021EH         LINE#         112
  C:0220H         LINE#         113
  C:0226H         LINE#         114
  C:0226H         LINE#         115
  C:0228H         LINE#         116
  C:022AH         LINE#         117
  C:022CH         LINE#         118
  C:022EH         LINE#         119
  C:0230H         LINE#         120
  C:0232H         LINE#         121
  C:0234H         LINE#         122
  C:0236H         LINE#         123
  C:0238H         LINE#         124
  C:023AH         LINE#         125
  C:023CH         LINE#         126
  C:023EH         LINE#         127
  C:0240H         LINE#         128
  C:0242H         LINE#         129
  C:0244H         LINE#         130
  C:024AH         LINE#         131
  C:024AH         LINE#         132
  C:024CH         LINE#         133
  C:024EH         LINE#         134
  C:0250H         LINE#         135
  C:0252H         LINE#         136
  C:0254H         LINE#         137
  C:0256H         LINE#         138
  C:0258H         LINE#         139
  C:025AH         LINE#         140
  C:025CH         LINE#         141
  C:025EH         LINE#         142
  C:0260H         LINE#         143
  C:0260H         LINE#         144
  C:0260H         LINE#         145
  C:0260H         LINE#         146
  C:0262H         LINE#         147
  C:0268H         LINE#         148
  C:0268H         LINE#         149
  C:026AH         LINE#         150
  C:026CH         LINE#         151
  C:026EH         LINE#         152
  C:0270H         LINE#         153
  C:0272H         LINE#         154
  C:0274H         LINE#         155
  C:0276H         LINE#         156
  C:0278H         LINE#         157
  C:027AH         LINE#         158
  C:027CH         LINE#         159
  C:027EH         LINE#         160
  C:0280H         LINE#         161
  C:0280H         LINE#         162
BL51 BANKED LINKER/LOCATER V6.22                                                      01/25/2019  13:44:28  PAGE 10


  C:0280H         LINE#         163
  C:0282H         LINE#         164
  C:0288H         LINE#         165
  C:0288H         LINE#         166
  C:028AH         LINE#         167
  C:028CH         LINE#         168
  C:028EH         LINE#         169
  C:0290H         LINE#         170
  C:0292H         LINE#         171
  C:0294H         LINE#         172
  C:0296H         LINE#         173
  C:0298H         LINE#         174
  C:029AH         LINE#         175
  C:029CH         LINE#         176
  C:029EH         LINE#         177
  C:02A0H         LINE#         178
  C:02A2H         LINE#         179
  C:02A4H         LINE#         180
  C:02A6H         LINE#         182
  C:02A6H         LINE#         183
  C:02A8H         LINE#         184
  C:02AAH         LINE#         185
  C:02ACH         LINE#         186
  C:02AEH         LINE#         187
  C:02B0H         LINE#         188
  C:02B2H         LINE#         189
  C:02B4H         LINE#         190
  C:02B6H         LINE#         191
  C:02B8H         LINE#         192
  C:02BAH         LINE#         193
  C:02BCH         LINE#         194
  C:02BEH         LINE#         195
  C:02C0H         LINE#         196
  C:02C2H         LINE#         197
  C:02C2H         LINE#         198
  C:02D1H         LINE#         199
  C:02E0H         LINE#         200
  C:02EFH         LINE#         201
  C:02F3H         LINE#         202
  C:02F7H         LINE#         203
  C:02FBH         LINE#         204
  C:02FEH         LINE#         205
  C:02FEH         LINE#         206
  C:030EH         LINE#         207
  C:030EH         LINE#         208
  C:0333H         LINE#         209
  C:0333H         LINE#         210
  C:0335H         LINE#         211
  C:0337H         LINE#         213
  C:0337H         LINE#         214
  C:0337H         LINE#         215
  C:0337H         LINE#         216
  C:0337H         LINE#         218
  C:0337H         LINE#         219
  C:0337H         LINE#         220
  C:0337H         LINE#         221
  C:033AH         LINE#         222
BL51 BANKED LINKER/LOCATER V6.22                                                      01/25/2019  13:44:28  PAGE 11


  C:034CH         LINE#         223
  C:034CH         LINE#         224
  C:034EH         LINE#         225
  C:0350H         LINE#         227
  C:0350H         LINE#         228
  C:0350H         LINE#         229
  C:0350H         LINE#         230
  C:0350H         LINE#         232
  C:0350H         LINE#         233
  C:0350H         LINE#         234
  C:0350H         LINE#         235
  C:0352H         LINE#         236
  C:0364H         LINE#         237
  C:0364H         LINE#         238
  C:0366H         LINE#         239
  C:0368H         LINE#         240
  C:0388H         LINE#         241
  C:038AH         LINE#         242
  C:038CH         LINE#         243
  C:038EH         LINE#         244
  C:0390H         LINE#         246
  C:0390H         LINE#         247
  C:0390H         LINE#         248
  C:0390H         LINE#         249
  C:0393H         LINE#         250
  C:03B8H         LINE#         251
  C:03B8H         LINE#         252
  C:03BAH         LINE#         253
  C:03BCH         LINE#         255
  C:03BEH         LINE#         256
  C:03C0H         LINE#         257
  C:03C2H         LINE#         258
  C:03C4H         LINE#         259
  C:03C4H         LINE#         260
  C:03C4H         LINE#         261
  C:03C4H         LINE#         262
  C:03C7H         LINE#         263
  C:03ECH         LINE#         264
  C:03ECH         LINE#         265
  C:03EEH         LINE#         266
  C:03F0H         LINE#         268
  C:03F2H         LINE#         269
  C:03F4H         LINE#         270
  C:03F6H         LINE#         271
  C:03F8H         LINE#         273
  C:03FAH         LINE#         274
  C:03FCH         LINE#         276
  C:03FCH         LINE#         277
  C:03FCH         LINE#         278
  C:03FCH         LINE#         279
  C:03FEH         LINE#         280
  C:0410H         LINE#         281
  C:0410H         LINE#         282
  C:0412H         LINE#         283
  C:0414H         LINE#         285
  C:0416H         LINE#         286
  C:0418H         LINE#         287
BL51 BANKED LINKER/LOCATER V6.22                                                      01/25/2019  13:44:28  PAGE 12


  C:041AH         LINE#         288
  C:041CH         LINE#         290
  C:041EH         LINE#         291
  C:0420H         LINE#         293
  C:0420H         LINE#         294
  C:0420H         LINE#         295
  C:0420H         LINE#         296
  C:0422H         LINE#         297
  C:0434H         LINE#         298
  C:0434H         LINE#         299
  C:0436H         LINE#         300
  C:0438H         LINE#         301
  C:043AH         LINE#         302
  C:043CH         LINE#         303
  C:043EH         LINE#         304
  C:0440H         LINE#         305
  C:0442H         LINE#         306
  C:0444H         LINE#         307
  C:0444H         LINE#         308
  C:0444H         LINE#         309
  C:0444H         LINE#         310
  C:0446H         LINE#         311
  C:0458H         LINE#         312
  C:0458H         LINE#         313
  C:045AH         LINE#         314
  C:045CH         LINE#         315
  C:045EH         LINE#         316
  C:0460H         LINE#         317
  C:0462H         LINE#         318
  C:0464H         LINE#         319
  C:0466H         LINE#         320
  C:0468H         LINE#         322
  C:046AH         LINE#         323
  C:046AH         LINE#         324
  C:046AH         LINE#         325
  C:046CH         LINE#         326
  C:047EH         LINE#         327
  C:047EH         LINE#         328
  C:0480H         LINE#         329
  C:0482H         LINE#         331
  C:0484H         LINE#         332
  C:0486H         LINE#         333
  C:0488H         LINE#         334
  C:048AH         LINE#         336
  C:048CH         LINE#         337
  C:048EH         LINE#         339
  C:0490H         LINE#         340
  C:0490H         LINE#         341
  C:0490H         LINE#         342
  C:0492H         LINE#         343
  C:04A4H         LINE#         344
  C:04A4H         LINE#         345
  C:04A6H         LINE#         346
  C:04A8H         LINE#         348
  C:04AAH         LINE#         349
  C:04ACH         LINE#         350
  C:04AEH         LINE#         351
BL51 BANKED LINKER/LOCATER V6.22                                                      01/25/2019  13:44:28  PAGE 13


  C:04B0H         LINE#         353
  C:04B2H         LINE#         354
  C:04B4H         LINE#         356
  C:04B6H         LINE#         357
  C:04B8H         LINE#         358
  C:04BAH         LINE#         359
  C:04BCH         LINE#         360
  C:04CEH         LINE#         361
  C:04CEH         LINE#         362
  C:04D0H         LINE#         363
  C:04D2H         LINE#         365
  C:04D4H         LINE#         366
  C:04D6H         LINE#         367
  C:04D8H         LINE#         368
  C:04DAH         LINE#         370
  C:04DCH         LINE#         371
  C:04DEH         LINE#         372
  C:04E0H         LINE#         374
  C:04E2H         LINE#         375
  C:04F4H         LINE#         376
  C:04F4H         LINE#         377
  C:04F6H         LINE#         378
  C:04F8H         LINE#         380
  C:04FAH         LINE#         381
  C:04FCH         LINE#         382
  C:04FEH         LINE#         383
  C:0500H         LINE#         385
  C:0502H         LINE#         386
  C:0504H         LINE#         387
  C:0506H         LINE#         389
  C:0506H         LINE#         390
  C:052AH         LINE#         391
  C:052AH         LINE#         392
  C:0530H         LINE#         393
  C:0530H         LINE#         394
  C:0530H         LINE#         395
  C:0538H         LINE#         396
  C:0538H         LINE#         397
  C:0547H         LINE#         398
  C:0556H         LINE#         399
  C:0565H         LINE#         400
  C:0574H         LINE#         401
  C:0577H         LINE#         402
  C:0577H         LINE#         403
  C:0586H         LINE#         404
  C:0595H         LINE#         405
  C:0597H         LINE#         406
  C:059AH         LINE#         407
  C:059AH         LINE#         408
  C:059DH         LINE#         409
  -------         ENDPROC       MAIN
  -------         ENDMOD        MAIN

  -------         MODULE        INTERRUPT
  C:0000H         SYMBOL        _ICE_DUMMY_
  D:0080H         PUBLIC        P0
  D:0090H         PUBLIC        P1
BL51 BANKED LINKER/LOCATER V6.22                                                      01/25/2019  13:44:28  PAGE 14


  D:00A0H         PUBLIC        P2
  D:00B0H         PUBLIC        P3
  D:00C0H         PUBLIC        P4
  D:00C8H         PUBLIC        P5
  D:00E8H         PUBLIC        P6
  D:00F8H         PUBLIC        P7
  B:0020H.0       PUBLIC        usart1_busy
  B:0020H.1       PUBLIC        usart3_busy
  D:00A8H         PUBLIC        IE
  D:00B8H         PUBLIC        IP
  B:0098H.0       PUBLIC        RI
  B:0098H.1       PUBLIC        TI
  C:07B6H         PUBLIC        Uart
  D:00D8H         PUBLIC        CCON
  D:0099H         PUBLIC        SBUF
  D:0098H         PUBLIC        SCON
  D:0088H         PUBLIC        TCON
  D:00AFH         PUBLIC        IE2
  D:00D4H         PUBLIC        T3H
  C:0003H         PUBLIC        Uart3
  D:00D5H         PUBLIC        T3L
  D:00D1H         PUBLIC        T4T3M
  D:00ACH         PUBLIC        S3CON
  C:0026H         PUBLIC        t3int
  D:00D0H         PUBLIC        PSW
  -------         PROC          UART
  C:07B6H         LINE#         21
  C:07D3H         LINE#         23
  C:07D6H         LINE#         24
  C:07D6H         LINE#         26
  C:07DAH         LINE#         27
  C:07DAH         LINE#         28
  C:07DDH         LINE#         29
  C:07E0H         LINE#         30
  C:07E3H         LINE#         31
  C:07E6H         LINE#         32
  C:07E9H         LINE#         34
  C:07F0H         LINE#         35
  C:07F2H         LINE#         36
  C:07F8H         LINE#         37
  C:07F8H         LINE#         38
  C:0802H         LINE#         39
  C:0802H         LINE#         40
  C:0805H         LINE#         41
  C:0808H         LINE#         42
  C:0808H         LINE#         43
  C:0808H         LINE#         44
  C:080AH         LINE#         46
  C:080AH         LINE#         47
  C:0819H         LINE#         48
  C:081CH         LINE#         49
  C:081FH         LINE#         50
  C:0822H         LINE#         51
  C:0825H         LINE#         52
  C:0825H         LINE#         53
  C:0825H         LINE#         54
  C:0825H         LINE#         55
BL51 BANKED LINKER/LOCATER V6.22                                                      01/25/2019  13:44:28  PAGE 15


  C:0827H         LINE#         56
  C:0827H         LINE#         57
  C:082AH         LINE#         58
  C:082AH         LINE#         59
  C:082CH         LINE#         60
  C:082EH         LINE#         61
  C:082EH         LINE#         62
  -------         ENDPROC       UART
  -------         PROC          UART3
  C:0003H         LINE#         76
  C:0005H         LINE#         78
  C:000AH         LINE#         79
  C:000AH         LINE#         80
  C:000DH         LINE#         81
  C:000DH         LINE#         82
  C:0012H         LINE#         83
  C:0012H         LINE#         84
  C:0015H         LINE#         85
  C:0017H         LINE#         86
  C:0017H         LINE#         87
  -------         ENDPROC       UART3
  -------         PROC          T3INT
  C:0026H         LINE#         101
  C:0043H         LINE#         103
  C:0046H         LINE#         104
  C:0049H         LINE#         105
  C:004CH         LINE#         106
  C:004FH         LINE#         107
  C:0054H         LINE#         108
  C:0063H         LINE#         110
  -------         ENDPROC       T3INT
  -------         ENDMOD        INTERRUPT

  -------         MODULE        ?C?COPY
  C:0670H         PUBLIC        ?C?COPY
  -------         ENDMOD        ?C?COPY

  -------         MODULE        ?C?IMUL
  C:0696H         PUBLIC        ?C?IMUL
  -------         ENDMOD        ?C?IMUL

  -------         MODULE        ?C?SLDIV
  C:092AH         PUBLIC        ?C?SLDIV
  -------         ENDMOD        ?C?SLDIV

  -------         MODULE        ?C?SLSHR
  C:06A8H         PUBLIC        ?C?SLSHR
  -------         ENDMOD        ?C?SLSHR

  -------         MODULE        ?C?MEMSET
  C:06BCH         PUBLIC        ?C?MEMSET
  -------         ENDMOD        ?C?MEMSET

  -------         MODULE        ?C?ULDIV
  C:0724H         PUBLIC        ?C?ULDIV
  -------         ENDMOD        ?C?ULDIV

BL51 BANKED LINKER/LOCATER V6.22                                                      01/25/2019  13:44:28  PAGE 16


*** WARNING L16: UNCALLED SEGMENT, IGNORED FOR OVERLAY PROCESS
    SEGMENT: ?PR?_SLAVERUSART_INIT?USART

*** WARNING L16: UNCALLED SEGMENT, IGNORED FOR OVERLAY PROCESS
    SEGMENT: ?PR?_SLAVERUSART_SENDBYTE?USART

Program Size: data=49.3 xdata=0 code=2516
LINK/LOCATE RUN COMPLETE.  2 WARNING(S),  0 ERROR(S)
